Unable to create process using '.\.venv\Scripts\python.exe  manage.py test tracker.tests --verbosity 1 ': The file cannot be accessed by the system.

